// Jest Snapshot v1, https://goo.gl/fbAQLP

exports[`Review should render the component 1`] = `
<div
  className="review"
>
  <WithStyles(ForwardRef(Rating))
    name="rating-stars"
    precision={0.5}
    readOnly={true}
    value={2.5}
  />
  <div
    className="rating"
  >
    2.5
  </div>
  <div
    className="review-text"
  >
    hi
  </div>
</div>
`;
